Searching built-in plugins in directory C:\Users\JStreeter\.dotnet\tools\.store\docfx\2.77.0\docfx\2.77.0\tools\net6.0\any\...
Post processor ExtractSearchIndex loaded.
7 plug-in(s) loaded.
Building 19 file(s) in ResourceDocumentProcessor(ValidateResourceMetadata)...
Building 0 file(s) in ManagedReferenceDocumentProcessor(BuildManagedReferenceDocument=>SplitClassPageToMemberLevel=>ValidateManagedReferenceDocumentMetadata=>ApplyOverwriteDocumentForMref=>FillReferenceInformation)...
Building 69 file(s) in TocDocumentProcessor(BuildTocDocument)...
Building 622 file(s) in ConceptualDocumentProcessor(BuildConceptualDocument=>ValidateConceptualDocumentMetadata)...
C:\Users\JStreeter\source\personal\josephstreeter.github.io\docs\getting-started.md(84,1): warning InvalidFileLink: Invalid file link:(~/docs/services/activedirectory/security-best-practices.md).
C:\Users\JStreeter\source\personal\josephstreeter.github.io\docs\infrastructure\networking\security\index.md(1332,1): warning InvalidFileLink: Invalid file link:(~/docs/services/activedirectory/Security/index.md).
C:\Users\JStreeter\source\personal\josephstreeter.github.io\docs\infrastructure\security\compliance\index.md(893,1): warning InvalidFileLink: Invalid file link:(~/docs/services/activedirectory/Security/index.md).
C:\Users\JStreeter\source\personal\josephstreeter.github.io\docs\infrastructure\security\iam\index.md(1255,1): warning InvalidFileLink: Invalid file link:(~/docs/services/activedirectory/PrivilegedAccess/index.md).
C:\Users\JStreeter\source\personal\josephstreeter.github.io\docs\infrastructure\security\iam\index.md(1254,1): warning InvalidFileLink: Invalid file link:(~/docs/services/activedirectory/Security/index.md).
C:\Users\JStreeter\source\personal\josephstreeter.github.io\docs\infrastructure\windows\security\index.md(944,1): warning InvalidFileLink: Invalid file link:(~/docs/services/activedirectory/Security/index.md).
C:\Users\JStreeter\source\personal\josephstreeter.github.io\docs\services\activedirectory\configuration\directory-services-configuration.md(862,1): warning InvalidFileLink: Invalid file link:(~/docs/services/activedirectory/configuration/group-policy-management.md).
C:\Users\JStreeter\source\personal\josephstreeter.github.io\docs\services\activedirectory\configuration\directory-services-configuration.md(863,1): warning InvalidFileLink: Invalid file link:(~/docs/services/activedirectory/configuration/ad-monitoring.md).
C:\Users\JStreeter\source\personal\josephstreeter.github.io\docs\services\activedirectory\configuration\directory-services-configuration.md(864,1): warning InvalidFileLink: Invalid file link:(~/docs/services/activedirectory/configuration/disaster-recovery.md).
C:\Users\JStreeter\source\personal\josephstreeter.github.io\docs\services\activedirectory\configuration\directory-services-configuration.md(861,1): warning InvalidFileLink: Invalid file link:(~/docs/services/activedirectory/configuration/security-best-practices.md).
C:\Users\JStreeter\source\personal\josephstreeter.github.io\docs\services\activedirectory\configuration\directory-services-index.md(132,1): warning InvalidFileLink: Invalid file link:(~/docs/services/activedirectory/Security/index.md).
C:\Users\JStreeter\source\personal\josephstreeter.github.io\docs\services\activedirectory\configuration\index.md(199,1): warning InvalidFileLink: Invalid file link:(~/docs/services/activedirectory/security/index.md).
C:\Users\JStreeter\source\personal\josephstreeter.github.io\docs\services\activedirectory\configuration\index.md(37,1): warning InvalidFileLink: Invalid file link:(~/docs/services/activedirectory/configuration/directory-services.md).
C:\Users\JStreeter\source\personal\josephstreeter.github.io\docs\services\activedirectory\configuration\index.md(61,1): warning InvalidFileLink: Invalid file link:(~/docs/services/activedirectory/configuration/ldap-configuration/index.md).
C:\Users\JStreeter\source\personal\josephstreeter.github.io\docs\services\activedirectory\configuration\index.md(49,1): warning InvalidFileLink: Invalid file link:(~/docs/services/activedirectory/configuration/environments.md).
C:\Users\JStreeter\source\personal\josephstreeter.github.io\docs\services\activedirectory\fundamentals\domain-controllers.md(462,1): warning InvalidFileLink: Invalid file link:(~/docs/services/activedirectory/fundamentals/security-best-practices.md).
C:\Users\JStreeter\source\personal\josephstreeter.github.io\docs\services\activedirectory\fundamentals\domain-controllers.md(458,1): warning InvalidFileLink: Invalid file link:(~/docs/services/activedirectory/fundamentals/getting-started.md).
C:\Users\JStreeter\source\personal\josephstreeter.github.io\docs\services\activedirectory\fundamentals\domain-controllers.md(461,1): warning InvalidFileLink: Invalid file link:(~/docs/services/activedirectory/fundamentals/Operations/index.md).
C:\Users\JStreeter\source\personal\josephstreeter.github.io\docs\services\activedirectory\fundamentals\index.md(106,1): warning InvalidFileLink: Invalid file link:(~/docs/services/activedirectory/security/index.md).
C:\Users\JStreeter\source\personal\josephstreeter.github.io\docs\services\activedirectory\getting-started.md(327,1): warning InvalidFileLink: Invalid file link:(~/docs/services/activedirectory/disaster-recovery.md).
C:\Users\JStreeter\source\personal\josephstreeter.github.io\docs\services\activedirectory\getting-started.md(325,1): warning InvalidFileLink: Invalid file link:(~/docs/services/activedirectory/security-best-practices.md).
C:\Users\JStreeter\source\personal\josephstreeter.github.io\docs\services\activedirectory\getting-started.md(319,1): warning InvalidFileLink: Invalid file link:(~/docs/services/activedirectory/sites-and-subnets.md).
C:\Users\JStreeter\source\personal\josephstreeter.github.io\docs\services\activedirectory\getting-started.md(326,1): warning InvalidFileLink: Invalid file link:(~/docs/services/activedirectory/monitoring-and-logging.md).
C:\Users\JStreeter\source\personal\josephstreeter.github.io\docs\services\activedirectory\getting-started.md(317,1): warning InvalidFileLink: Invalid file link:(~/docs/services/activedirectory/forests-and-domains.md).
C:\Users\JStreeter\source\personal\josephstreeter.github.io\docs\services\activedirectory\getting-started.md(320,1): warning InvalidFileLink: Invalid file link:(~/docs/services/activedirectory/global-catalogs.md).
C:\Users\JStreeter\source\personal\josephstreeter.github.io\docs\services\activedirectory\getting-started.md(318,1): warning InvalidFileLink: Invalid file link:(~/docs/services/activedirectory/group-policy.md).
C:\Users\JStreeter\source\personal\josephstreeter.github.io\docs\services\activedirectory\getting-started.md(333,1): warning InvalidFileLink: Invalid file link:(~/docs/services/activedirectory/group-policy.md).
C:\Users\JStreeter\source\personal\josephstreeter.github.io\docs\services\activedirectory\index.md(54,1): warning InvalidFileLink: Invalid file link:(~/docs/services/activedirectory/disaster-recovery.md).
C:\Users\JStreeter\source\personal\josephstreeter.github.io\docs\services\activedirectory\index.md(93,1): warning InvalidFileLink: Invalid file link:(~/docs/services/activedirectory/disaster-recovery.md).
C:\Users\JStreeter\source\personal\josephstreeter.github.io\docs\services\activedirectory\index.md(107,1): warning InvalidFileLink: Invalid file link:(~/docs/services/activedirectory/disaster-recovery.md).
C:\Users\JStreeter\source\personal\josephstreeter.github.io\docs\services\activedirectory\index.md(22,1): warning InvalidFileLink: Invalid file link:(~/docs/services/activedirectory/group-objects.md).
C:\Users\JStreeter\source\personal\josephstreeter.github.io\docs\services\activedirectory\index.md(38,1): warning InvalidFileLink: Invalid file link:(~/docs/services/activedirectory/group-objects.md).
C:\Users\JStreeter\source\personal\josephstreeter.github.io\docs\services\activedirectory\index.md(83,1): warning InvalidFileLink: Invalid file link:(~/docs/services/activedirectory/group-objects.md).
C:\Users\JStreeter\source\personal\josephstreeter.github.io\docs\services\activedirectory\index.md(74,1): warning InvalidFileLink: Invalid file link:(~/docs/services/activedirectory/Directory-Services-Configuration/ldap-channel-binding-and-ldap-signing.md).
C:\Users\JStreeter\source\personal\josephstreeter.github.io\docs\services\activedirectory\index.md(91,1): warning InvalidFileLink: Invalid file link:(~/docs/services/activedirectory/Directory-Services-Configuration/ldap-channel-binding-and-ldap-signing.md).
C:\Users\JStreeter\source\personal\josephstreeter.github.io\docs\services\activedirectory\index.md(108,1): warning InvalidFileLink: Invalid file link:(~/docs/services/activedirectory/Directory-Services-Configuration/ldap-channel-binding-and-ldap-signing.md).
C:\Users\JStreeter\source\personal\josephstreeter.github.io\docs\services\activedirectory\index.md(70,1): warning InvalidFileLink: Invalid file link:(~/docs/services/activedirectory/Directory-Services-Configuration/confirming-ldaps-certificates.md).
C:\Users\JStreeter\source\personal\josephstreeter.github.io\docs\services\activedirectory\index.md(40,1): warning InvalidFileLink: Invalid file link:(~/docs/services/activedirectory/privileged-account-management.md).
C:\Users\JStreeter\source\personal\josephstreeter.github.io\docs\services\activedirectory\index.md(90,1): warning InvalidFileLink: Invalid file link:(~/docs/services/activedirectory/privileged-account-management.md).
C:\Users\JStreeter\source\personal\josephstreeter.github.io\docs\services\activedirectory\index.md(44,1): warning InvalidFileLink: Invalid file link:(~/docs/services/activedirectory/security-best-practices.md).
C:\Users\JStreeter\source\personal\josephstreeter.github.io\docs\services\activedirectory\index.md(85,1): warning InvalidFileLink: Invalid file link:(~/docs/services/activedirectory/security-best-practices.md).
C:\Users\JStreeter\source\personal\josephstreeter.github.io\docs\services\activedirectory\index.md(89,1): warning InvalidFileLink: Invalid file link:(~/docs/services/activedirectory/security-best-practices.md).
C:\Users\JStreeter\source\personal\josephstreeter.github.io\docs\services\activedirectory\index.md(32,1): warning InvalidFileLink: Invalid file link:(~/docs/services/activedirectory/fsmo-role-holders.md).
C:\Users\JStreeter\source\personal\josephstreeter.github.io\docs\services\activedirectory\index.md(33,1): warning InvalidFileLink: Invalid file link:(~/docs/services/activedirectory/sites-and-subnets.md).
C:\Users\JStreeter\source\personal\josephstreeter.github.io\docs\services\activedirectory\index.md(23,1): warning InvalidFileLink: Invalid file link:(~/docs/services/activedirectory/organizational-units.md).
C:\Users\JStreeter\source\personal\josephstreeter.github.io\docs\services\activedirectory\index.md(39,1): warning InvalidFileLink: Invalid file link:(~/docs/services/activedirectory/organizational-units.md).
C:\Users\JStreeter\source\personal\josephstreeter.github.io\docs\services\activedirectory\index.md(52,1): warning InvalidFileLink: Invalid file link:(~/docs/services/activedirectory/monitoring-and-logging.md).
C:\Users\JStreeter\source\personal\josephstreeter.github.io\docs\services\activedirectory\index.md(92,1): warning InvalidFileLink: Invalid file link:(~/docs/services/activedirectory/monitoring-and-logging.md).
C:\Users\JStreeter\source\personal\josephstreeter.github.io\docs\services\activedirectory\index.md(98,1): warning InvalidFileLink: Invalid file link:(~/docs/services/activedirectory/monitoring-and-logging.md).
C:\Users\JStreeter\source\personal\josephstreeter.github.io\docs\services\activedirectory\index.md(115,1): warning InvalidFileLink: Invalid file link:(~/docs/services/activedirectory/monitoring-and-logging.md).
C:\Users\JStreeter\source\personal\josephstreeter.github.io\docs\services\activedirectory\index.md(16,1): warning InvalidFileLink: Invalid file link:(~/docs/services/activedirectory/forests-and-domains.md).
C:\Users\JStreeter\source\personal\josephstreeter.github.io\docs\services\activedirectory\index.md(29,1): warning InvalidFileLink: Invalid file link:(~/docs/services/activedirectory/forests-and-domains.md).
C:\Users\JStreeter\source\personal\josephstreeter.github.io\docs\services\activedirectory\index.md(81,1): warning InvalidFileLink: Invalid file link:(~/docs/services/activedirectory/forests-and-domains.md).
C:\Users\JStreeter\source\personal\josephstreeter.github.io\docs\services\activedirectory\index.md(45,1): warning InvalidFileLink: Invalid file link:(~/docs/services/activedirectory/directory-services-configuration.md).
C:\Users\JStreeter\source\personal\josephstreeter.github.io\docs\services\activedirectory\index.md(47,1): warning InvalidFileLink: Invalid file link:(~/docs/services/activedirectory/Delegation.md).
C:\Users\JStreeter\source\personal\josephstreeter.github.io\docs\services\activedirectory\index.md(53,1): warning InvalidFileLink: Invalid file link:(~/docs/services/activedirectory/maintenance-troubleshooting.md).
C:\Users\JStreeter\source\personal\josephstreeter.github.io\docs\services\activedirectory\index.md(99,1): warning InvalidFileLink: Invalid file link:(~/docs/services/activedirectory/maintenance-troubleshooting.md).
C:\Users\JStreeter\source\personal\josephstreeter.github.io\docs\services\activedirectory\index.md(59,1): warning InvalidFileLink: Invalid file link:(~/docs/services/activedirectory/dcdiag-and-repadmin-report.md).
C:\Users\JStreeter\source\personal\josephstreeter.github.io\docs\services\activedirectory\index.md(114,1): warning InvalidFileLink: Invalid file link:(~/docs/services/activedirectory/dcdiag-and-repadmin-report.md).
C:\Users\JStreeter\source\personal\josephstreeter.github.io\docs\services\activedirectory\index.md(17,1): warning InvalidFileLink: Invalid file link:(~/docs/services/activedirectory/domain-controllers.md).
C:\Users\JStreeter\source\personal\josephstreeter.github.io\docs\services\activedirectory\index.md(30,1): warning InvalidFileLink: Invalid file link:(~/docs/services/activedirectory/domain-controllers.md).
C:\Users\JStreeter\source\personal\josephstreeter.github.io\docs\services\activedirectory\index.md(82,1): warning InvalidFileLink: Invalid file link:(~/docs/services/activedirectory/domain-controllers.md).
C:\Users\JStreeter\source\personal\josephstreeter.github.io\docs\services\activedirectory\index.md(21,1): warning InvalidFileLink: Invalid file link:(~/docs/services/activedirectory/user-objects.md).
C:\Users\JStreeter\source\personal\josephstreeter.github.io\docs\services\activedirectory\index.md(37,1): warning InvalidFileLink: Invalid file link:(~/docs/services/activedirectory/user-objects.md).
C:\Users\JStreeter\source\personal\josephstreeter.github.io\docs\services\activedirectory\index.md(83,1): warning InvalidFileLink: Invalid file link:(~/docs/services/activedirectory/user-objects.md).
C:\Users\JStreeter\source\personal\josephstreeter.github.io\docs\services\activedirectory\index.md(63,1): warning InvalidFileLink: Invalid file link:(~/docs/services/activedirectory/environments.md).
C:\Users\JStreeter\source\personal\josephstreeter.github.io\docs\services\activedirectory\index.md(31,1): warning InvalidFileLink: Invalid file link:(~/docs/services/activedirectory/global-catalogs.md).
C:\Users\JStreeter\source\personal\josephstreeter.github.io\docs\services\activedirectory\index.md(46,1): warning InvalidFileLink: Invalid file link:(~/docs/services/activedirectory/group-policy.md).
C:\Users\JStreeter\source\personal\josephstreeter.github.io\docs\services\activedirectory\index.md(84,1): warning InvalidFileLink: Invalid file link:(~/docs/services/activedirectory/group-policy.md).
C:\Users\JStreeter\source\personal\josephstreeter.github.io\docs\services\activedirectory\index.md(58,1): warning InvalidFileLink: Invalid file link:(~/docs/services/activedirectory/time-service.md).
C:\Users\JStreeter\source\personal\josephstreeter.github.io\docs\services\activedirectory\index.md(101,1): warning InvalidFileLink: Invalid file link:(~/docs/services/activedirectory/time-service.md).
C:\Users\JStreeter\source\personal\josephstreeter.github.io\docs\services\activedirectory\index.md(109,1): warning InvalidFileLink: Invalid file link:(~/docs/services/activedirectory/time-service.md).
C:\Users\JStreeter\source\personal\josephstreeter.github.io\docs\services\activedirectory\objects-management\index.md(133,1): warning InvalidFileLink: Invalid file link:(~/docs/services/activedirectory/security/index.md).
C:\Users\JStreeter\source\personal\josephstreeter.github.io\docs\services\activedirectory\operations\active-directory-forest-recovery.md(1245,1): warning InvalidFileLink: Invalid file link:(~/docs/services/activedirectory/disaster-recovery/index.md).
C:\Users\JStreeter\source\personal\josephstreeter.github.io\docs\services\activedirectory\operations\active-directory-forest-recovery.md(1244,1): warning InvalidFileLink: Invalid file link:(~/docs/services/activedirectory/Backup/index.md).
C:\Users\JStreeter\source\personal\josephstreeter.github.io\docs\services\activedirectory\operations\active-directory-forest-recovery.md(1243,1): warning InvalidFileLink: Invalid file link:(~/docs/services/activedirectory/Security/index.md).
C:\Users\JStreeter\source\personal\josephstreeter.github.io\docs\services\activedirectory\operations\index.md(74,1): warning InvalidFileLink: Invalid file link:(~/docs/services/activedirectory/security/index.md).
C:\Users\JStreeter\source\personal\josephstreeter.github.io\docs\services\activedirectory\operations\maintenance-procedures.md(26,1): warning InvalidFileLink: Invalid file link:(~/docs/services/activedirectory/operations/Reset-DSRM-Password.md).
C:\Users\JStreeter\source\personal\josephstreeter.github.io\docs\services\activedirectory\operations\maintenance-procedures.md(241,1): warning InvalidFileLink: Invalid file link:(~/docs/services/activedirectory/Backup/index.md).
C:\Users\JStreeter\source\personal\josephstreeter.github.io\docs\services\activedirectory\operations\maintenance-procedures.md(22,1): warning InvalidFileLink: Invalid file link:(~/docs/services/activedirectory/operations/Enable-Diagnostic-Logging.md).
C:\Users\JStreeter\source\personal\josephstreeter.github.io\docs\services\activedirectory\operations\maintenance-procedures.md(240,1): warning InvalidFileLink: Invalid file link:(~/docs/services/activedirectory/Security/index.md).
C:\Users\JStreeter\source\personal\josephstreeter.github.io\docs\services\activedirectory\operations\maintenance-procedures.md(18,1): warning InvalidFileLink: Invalid file link:(~/docs/services/activedirectory/operations/Compact-NTDS-Database.md).
C:\Users\JStreeter\source\personal\josephstreeter.github.io\docs\services\activedirectory\operations\reset-secure-channel.md(704,1): warning InvalidFileLink: Invalid file link:(~/docs/services/activedirectory/GroupPolicy/index.md).
C:\Users\JStreeter\source\personal\josephstreeter.github.io\docs\services\activedirectory\operations\reset-secure-channel.md(705,1): warning InvalidFileLink: Invalid file link:(~/docs/services/activedirectory/DomainControllers/index.md).
C:\Users\JStreeter\source\personal\josephstreeter.github.io\docs\services\activedirectory\operations\reset-secure-channel.md(703,1): warning InvalidFileLink: Invalid file link:(~/docs/services/activedirectory/Security/index.md).
C:\Users\JStreeter\source\personal\josephstreeter.github.io\docs\services\activedirectory\operations\schema-extension-script.md(808,1): warning InvalidFileLink: Invalid file link:(~/docs/services/activedirectory/GroupPolicy/index.md).
C:\Users\JStreeter\source\personal\josephstreeter.github.io\docs\services\activedirectory\operations\schema-extension-script.md(807,1): warning InvalidFileLink: Invalid file link:(~/docs/services/activedirectory/Security/index.md).
C:\Users\JStreeter\source\personal\josephstreeter.github.io\docs\services\activedirectory\operations\security-group-management-recommendations.md(486,1): warning InvalidFileLink: Invalid file link:(~/docs/services/activedirectory/PAM/index.md).
C:\Users\JStreeter\source\personal\josephstreeter.github.io\docs\services\activedirectory\operations\security-group-management-recommendations.md(485,1): warning InvalidFileLink: Invalid file link:(~/docs/services/activedirectory/Security/index.md).
C:\Users\JStreeter\source\personal\josephstreeter.github.io\docs\services\activedirectory\operations\security-settings-applied-for-domain-controllers.md(328,1): warning InvalidFileLink: Invalid file link:(~/docs/services/activedirectory/Directory-Services-Configuration/ldap-channel-binding-and-ldap-signing.md).
C:\Users\JStreeter\source\personal\josephstreeter.github.io\docs\services\activedirectory\operations\security-settings-applied-for-domain-controllers.md(329,1): warning InvalidFileLink: Invalid file link:(~/docs/services/activedirectory/Security/index.md).
C:\Users\JStreeter\source\personal\josephstreeter.github.io\docs\services\activedirectory\operations\troubleshooting-guide.md(1148,1): warning InvalidFileLink: Invalid file link:(~/docs/services/activedirectory/operations/domain-controllers.md).
C:\Users\JStreeter\source\personal\josephstreeter.github.io\docs\services\activedirectory\operations\troubleshooting-guide.md(1150,1): warning InvalidFileLink: Invalid file link:(~/docs/services/activedirectory/operations/Operations/index.md).
C:\Users\JStreeter\source\personal\josephstreeter.github.io\docs\services\activedirectory\operations\troubleshooting-guide.md(1151,1): warning InvalidFileLink: Invalid file link:(~/docs/services/activedirectory/operations/security-best-practices.md).
C:\Users\JStreeter\source\personal\josephstreeter.github.io\docs\services\activedirectory\operations\troubleshooting-guide.md(1147,1): warning InvalidFileLink: Invalid file link:(~/docs/services/activedirectory/operations/getting-started.md).
C:\Users\JStreeter\source\personal\josephstreeter.github.io\docs\services\activedirectory\operations\troubleshooting-guide.md(1149,1): warning InvalidFileLink: Invalid file link:(~/docs/services/activedirectory/operations/delegation.md).
C:\Users\JStreeter\source\personal\josephstreeter.github.io\docs\services\activedirectory\procedures\delegation.md(621,1): warning InvalidFileLink: Invalid file link:(~/docs/services/activedirectory/procedures/troubleshooting.md).
C:\Users\JStreeter\source\personal\josephstreeter.github.io\docs\services\activedirectory\procedures\delegation.md(620,1): warning InvalidFileLink: Invalid file link:(~/docs/services/activedirectory/procedures/security-best-practices.md).
C:\Users\JStreeter\source\personal\josephstreeter.github.io\docs\services\activedirectory\procedures\delegation.md(619,1): warning InvalidFileLink: Invalid file link:(~/docs/services/activedirectory/grouppolicy/index.md).
C:\Users\JStreeter\source\personal\josephstreeter.github.io\docs\services\activedirectory\procedures\delegation.md(618,1): warning InvalidFileLink: Invalid file link:(~/docs/services/activedirectory/procedures/domain-controllers.md).
C:\Users\JStreeter\source\personal\josephstreeter.github.io\docs\services\activedirectory\procedures\delegation.md(617,1): warning InvalidFileLink: Invalid file link:(~/docs/services/activedirectory/procedures/getting-started.md).
C:\Users\JStreeter\source\personal\josephstreeter.github.io\docs\services\activedirectory\procedures\index.md(71,1): warning InvalidFileLink: Invalid file link:(~/docs/services/activedirectory/procedures/account-management.md).
C:\Users\JStreeter\source\personal\josephstreeter.github.io\docs\services\activedirectory\procedures\index.md(153,1): warning InvalidFileLink: Invalid file link:(~/docs/services/activedirectory/procedures/account-management.md).
C:\Users\JStreeter\source\personal\josephstreeter.github.io\docs\services\activedirectory\procedures\index.md(154,1): warning InvalidFileLink: Invalid file link:(~/docs/services/activedirectory/procedures/account-management.md).
C:\Users\JStreeter\source\personal\josephstreeter.github.io\docs\services\activedirectory\procedures\index.md(155,1): warning InvalidFileLink: Invalid file link:(~/docs/services/activedirectory/procedures/account-management.md).
C:\Users\JStreeter\source\personal\josephstreeter.github.io\docs\services\activedirectory\procedures\index.md(165,1): warning InvalidFileLink: Invalid file link:(~/docs/services/activedirectory/procedures/account-management.md).
C:\Users\JStreeter\source\personal\josephstreeter.github.io\docs\services\activedirectory\procedures\index.md(174,1): warning InvalidFileLink: Invalid file link:(~/docs/services/activedirectory/procedures/account-management.md).
C:\Users\JStreeter\source\personal\josephstreeter.github.io\docs\services\activedirectory\procedures\index.md(83,1): warning InvalidFileLink: Invalid file link:(~/docs/services/activedirectory/procedures/database-maintenance.md).
C:\Users\JStreeter\source\personal\josephstreeter.github.io\docs\services\activedirectory\procedures\index.md(162,1): warning InvalidFileLink: Invalid file link:(~/docs/services/activedirectory/procedures/database-maintenance.md).
C:\Users\JStreeter\source\personal\josephstreeter.github.io\docs\services\activedirectory\procedures\index.md(173,1): warning InvalidFileLink: Invalid file link:(~/docs/services/activedirectory/procedures/database-maintenance.md).
C:\Users\JStreeter\source\personal\josephstreeter.github.io\docs\services\activedirectory\procedures\index.md(59,1): warning InvalidFileLink: Invalid file link:(~/docs/services/activedirectory/procedures/secure-channel-reset.md).
C:\Users\JStreeter\source\personal\josephstreeter.github.io\docs\services\activedirectory\procedures\index.md(156,1): warning InvalidFileLink: Invalid file link:(~/docs/services/activedirectory/procedures/secure-channel-reset.md).
C:\Users\JStreeter\source\personal\josephstreeter.github.io\docs\services\activedirectory\procedures\index.md(47,1): warning InvalidFileLink: Invalid file link:(~/docs/services/activedirectory/procedures/linux-authentication.md).
C:\Users\JStreeter\source\personal\josephstreeter.github.io\docs\services\activedirectory\procedures\index.md(164,1): warning InvalidFileLink: Invalid file link:(~/docs/services/activedirectory/procedures/linux-authentication.md).
C:\Users\JStreeter\source\personal\josephstreeter.github.io\docs\services\activedirectory\procedures\index.md(172,1): warning InvalidFileLink: Invalid file link:(~/docs/services/activedirectory/procedures/linux-authentication.md).
C:\Users\JStreeter\source\personal\josephstreeter.github.io\docs\services\activedirectory\procedures\index.md(35,1): warning InvalidFileLink: Invalid file link:(~/docs/services/activedirectory/procedures/schema-extension.md).
C:\Users\JStreeter\source\personal\josephstreeter.github.io\docs\services\activedirectory\procedures\index.md(163,1): warning InvalidFileLink: Invalid file link:(~/docs/services/activedirectory/procedures/schema-extension.md).
C:\Users\JStreeter\source\personal\josephstreeter.github.io\docs\services\activedirectory\procedures\index.md(171,1): warning InvalidFileLink: Invalid file link:(~/docs/services/activedirectory/procedures/schema-extension.md).
C:\Users\JStreeter\source\personal\josephstreeter.github.io\docs\services\activedirectory\reference\index.md(52,1): warning InvalidFileLink: Invalid file link:(~/docs/services/activedirectory/reference/performance-counters.md).
C:\Users\JStreeter\source\personal\josephstreeter.github.io\docs\services\activedirectory\reference\index.md(64,1): warning InvalidFileLink: Invalid file link:(~/docs/services/activedirectory/reference/powershell-scripts.md).
C:\Users\JStreeter\source\personal\josephstreeter.github.io\docs\services\activedirectory\reference\index.md(28,1): warning InvalidFileLink: Invalid file link:(~/docs/services/activedirectory/reference/dcdiag-repadmin-reports.md).
C:\Users\JStreeter\source\personal\josephstreeter.github.io\docs\services\activedirectory\reference\index.md(40,1): warning InvalidFileLink: Invalid file link:(~/docs/services/activedirectory/reference/event-ids.md).
C:\Users\JStreeter\source\personal\josephstreeter.github.io\docs\services\grouppolicy\index.md(471,1): warning InvalidFileLink: Invalid file link:(~/docs/services/activedirectory/troubleshooting.md).
C:\Users\JStreeter\source\personal\josephstreeter.github.io\docs\services\grouppolicy\index.md(470,1): warning InvalidFileLink: Invalid file link:(~/docs/services/activedirectory/Delegation.md).
Applying templates to 710 model(s)...
XRef map exported.
C:\Users\JStreeter\source\personal\josephstreeter.github.io\docs\getting-started.md(155,1): warning InvalidBookmark: Invalid link: '<a href="docs/security/ssh/index.md#configuration">SSH Config</a>'. The file docs/security/ssh/index.md doesn't contain a bookmark named 'configuration'.
Extracting index data from 622 html files


Build succeeded with warning.

    125 warning(s)
    0 error(s)

